// Jest Snapshot v1, https://goo.gl/fbAQLP

exports[`AppointmentList snapshot 1`] = `
Object {
  "asFragment": [Function],
  "baseElement": <body>
    <div>
      <header
        class="drHeader"
      >
        Dr. 
        Rand Phys
      </header>
      <div
        class="email"
      >
        randPhys@dr.com
      </div>
      <table>
        <thead>
          <tr>
            <th>
              #
            </th>
            <th>
              Name
            </th>
            <th>
              Time
            </th>
            <th>
              Kind
            </th>
          </tr>
        </thead>
        <tbody>
          <tr>
            <td>
              1
            </td>
            <td>
              Tameka Facer
            </td>
            <td>
              8:15
            </td>
            <td>
              New Patient
            </td>
          </tr>
          <tr>
            <td>
              2
            </td>
            <td>
              Elma Lewallen
            </td>
            <td>
              9:15
            </td>
            <td>
              Follow Up
            </td>
          </tr>
          <tr>
            <td>
              3
            </td>
            <td>
              Rusty Montufar
            </td>
            <td>
              11:30
            </td>
            <td>
              New Patient
            </td>
          </tr>
          <tr>
            <td>
              4
            </td>
            <td>
              Belma Flinn
            </td>
            <td>
              2:15
            </td>
            <td>
              New Patient
            </td>
          </tr>
        </tbody>
      </table>
    </div>
  </body>,
  "container": <div>
    <header
      class="drHeader"
    >
      Dr. 
      Rand Phys
    </header>
    <div
      class="email"
    >
      randPhys@dr.com
    </div>
    <table>
      <thead>
        <tr>
          <th>
            #
          </th>
          <th>
            Name
          </th>
          <th>
            Time
          </th>
          <th>
            Kind
          </th>
        </tr>
      </thead>
      <tbody>
        <tr>
          <td>
            1
          </td>
          <td>
            Tameka Facer
          </td>
          <td>
            8:15
          </td>
          <td>
            New Patient
          </td>
        </tr>
        <tr>
          <td>
            2
          </td>
          <td>
            Elma Lewallen
          </td>
          <td>
            9:15
          </td>
          <td>
            Follow Up
          </td>
        </tr>
        <tr>
          <td>
            3
          </td>
          <td>
            Rusty Montufar
          </td>
          <td>
            11:30
          </td>
          <td>
            New Patient
          </td>
        </tr>
        <tr>
          <td>
            4
          </td>
          <td>
            Belma Flinn
          </td>
          <td>
            2:15
          </td>
          <td>
            New Patient
          </td>
        </tr>
      </tbody>
    </table>
  </div>,
  "debug": [Function],
  "findAllByAltText": [Function],
  "findAllByDisplayValue": [Function],
  "findAllByLabelText": [Function],
  "findAllByPlaceholderText": [Function],
  "findAllByRole": [Function],
  "findAllByTestId": [Function],
  "findAllByText": [Function],
  "findAllByTitle": [Function],
  "findByAltText": [Function],
  "findByDisplayValue": [Function],
  "findByLabelText": [Function],
  "findByPlaceholderText": [Function],
  "findByRole": [Function],
  "findByTestId": [Function],
  "findByText": [Function],
  "findByTitle": [Function],
  "getAllByAltText": [Function],
  "getAllByDisplayValue": [Function],
  "getAllByLabelText": [Function],
  "getAllByPlaceholderText": [Function],
  "getAllByRole": [Function],
  "getAllBySelectText": [Function],
  "getAllByTestId": [Function],
  "getAllByText": [Function],
  "getAllByTitle": [Function],
  "getAllByValue": [Function],
  "getByAltText": [Function],
  "getByDisplayValue": [Function],
  "getByLabelText": [Function],
  "getByPlaceholderText": [Function],
  "getByRole": [Function],
  "getBySelectText": [Function],
  "getByTestId": [Function],
  "getByText": [Function],
  "getByTitle": [Function],
  "getByValue": [Function],
  "queryAllByAltText": [Function],
  "queryAllByDisplayValue": [Function],
  "queryAllByLabelText": [Function],
  "queryAllByPlaceholderText": [Function],
  "queryAllByRole": [Function],
  "queryAllBySelectText": [Function],
  "queryAllByTestId": [Function],
  "queryAllByText": [Function],
  "queryAllByTitle": [Function],
  "queryAllByValue": [Function],
  "queryByAltText": [Function],
  "queryByDisplayValue": [Function],
  "queryByLabelText": [Function],
  "queryByPlaceholderText": [Function],
  "queryByRole": [Function],
  "queryBySelectText": [Function],
  "queryByTestId": [Function],
  "queryByText": [Function],
  "queryByTitle": [Function],
  "queryByValue": [Function],
  "rerender": [Function],
  "unmount": [Function],
}
`;
