// Jest Snapshot v1, https://goo.gl/fbAQLP

exports[`AppointmentList snapshot 1`] = `
Object {
  "asFragment": [Function],
  "baseElement": <body>
    <div>
      <header
        class="sc-bdVaJa cViBko"
      >
        Dr. 
        Rand Phys
      </header>
      <div
        class="sc-bwzfXH zFLXs"
      >
        randPhys@dr.com
      </div>
      <table
        class="sc-htpNat hSuLPm"
      >
        <thead
          class="sc-bxivhb hnZPCv"
        >
          <tr
            class="sc-EHOje frgvrH"
          >
            <th
              class="sc-ifAKCX gGyHuM"
            >
              #
            </th>
            <th
              class="sc-ifAKCX gGyHuM"
            >
              Name
            </th>
            <th
              class="sc-ifAKCX gGyHuM"
            >
              Time
            </th>
            <th
              class="sc-ifAKCX gGyHuM"
            >
              Kind
            </th>
          </tr>
        </thead>
        <tbody>
          <tr
            class="sc-EHOje frgvrH"
          >
            <td
              class="sc-bZQynM fJTUfJ"
            >
              1
            </td>
            <td
              class="sc-bZQynM fJTUfJ"
            >
              Tameka Facer
            </td>
            <td
              class="sc-bZQynM fJTUfJ"
            >
              8:15
            </td>
            <td
              class="sc-bZQynM fJTUfJ"
            >
              New Patient
            </td>
          </tr>
          <tr
            class="sc-EHOje frgvrH"
          >
            <td
              class="sc-bZQynM fJTUfJ"
            >
              2
            </td>
            <td
              class="sc-bZQynM fJTUfJ"
            >
              Elma Lewallen
            </td>
            <td
              class="sc-bZQynM fJTUfJ"
            >
              9:15
            </td>
            <td
              class="sc-bZQynM fJTUfJ"
            >
              Follow Up
            </td>
          </tr>
          <tr
            class="sc-EHOje frgvrH"
          >
            <td
              class="sc-bZQynM fJTUfJ"
            >
              3
            </td>
            <td
              class="sc-bZQynM fJTUfJ"
            >
              Rusty Montufar
            </td>
            <td
              class="sc-bZQynM fJTUfJ"
            >
              11:30
            </td>
            <td
              class="sc-bZQynM fJTUfJ"
            >
              New Patient
            </td>
          </tr>
          <tr
            class="sc-EHOje frgvrH"
          >
            <td
              class="sc-bZQynM fJTUfJ"
            >
              4
            </td>
            <td
              class="sc-bZQynM fJTUfJ"
            >
              Belma Flinn
            </td>
            <td
              class="sc-bZQynM fJTUfJ"
            >
              2:15
            </td>
            <td
              class="sc-bZQynM fJTUfJ"
            >
              New Patient
            </td>
          </tr>
        </tbody>
      </table>
    </div>
  </body>,
  "container": <div>
    <header
      class="sc-bdVaJa cViBko"
    >
      Dr. 
      Rand Phys
    </header>
    <div
      class="sc-bwzfXH zFLXs"
    >
      randPhys@dr.com
    </div>
    <table
      class="sc-htpNat hSuLPm"
    >
      <thead
        class="sc-bxivhb hnZPCv"
      >
        <tr
          class="sc-EHOje frgvrH"
        >
          <th
            class="sc-ifAKCX gGyHuM"
          >
            #
          </th>
          <th
            class="sc-ifAKCX gGyHuM"
          >
            Name
          </th>
          <th
            class="sc-ifAKCX gGyHuM"
          >
            Time
          </th>
          <th
            class="sc-ifAKCX gGyHuM"
          >
            Kind
          </th>
        </tr>
      </thead>
      <tbody>
        <tr
          class="sc-EHOje frgvrH"
        >
          <td
            class="sc-bZQynM fJTUfJ"
          >
            1
          </td>
          <td
            class="sc-bZQynM fJTUfJ"
          >
            Tameka Facer
          </td>
          <td
            class="sc-bZQynM fJTUfJ"
          >
            8:15
          </td>
          <td
            class="sc-bZQynM fJTUfJ"
          >
            New Patient
          </td>
        </tr>
        <tr
          class="sc-EHOje frgvrH"
        >
          <td
            class="sc-bZQynM fJTUfJ"
          >
            2
          </td>
          <td
            class="sc-bZQynM fJTUfJ"
          >
            Elma Lewallen
          </td>
          <td
            class="sc-bZQynM fJTUfJ"
          >
            9:15
          </td>
          <td
            class="sc-bZQynM fJTUfJ"
          >
            Follow Up
          </td>
        </tr>
        <tr
          class="sc-EHOje frgvrH"
        >
          <td
            class="sc-bZQynM fJTUfJ"
          >
            3
          </td>
          <td
            class="sc-bZQynM fJTUfJ"
          >
            Rusty Montufar
          </td>
          <td
            class="sc-bZQynM fJTUfJ"
          >
            11:30
          </td>
          <td
            class="sc-bZQynM fJTUfJ"
          >
            New Patient
          </td>
        </tr>
        <tr
          class="sc-EHOje frgvrH"
        >
          <td
            class="sc-bZQynM fJTUfJ"
          >
            4
          </td>
          <td
            class="sc-bZQynM fJTUfJ"
          >
            Belma Flinn
          </td>
          <td
            class="sc-bZQynM fJTUfJ"
          >
            2:15
          </td>
          <td
            class="sc-bZQynM fJTUfJ"
          >
            New Patient
          </td>
        </tr>
      </tbody>
    </table>
  </div>,
  "debug": [Function],
  "findAllByAltText": [Function],
  "findAllByDisplayValue": [Function],
  "findAllByLabelText": [Function],
  "findAllByPlaceholderText": [Function],
  "findAllByRole": [Function],
  "findAllByTestId": [Function],
  "findAllByText": [Function],
  "findAllByTitle": [Function],
  "findByAltText": [Function],
  "findByDisplayValue": [Function],
  "findByLabelText": [Function],
  "findByPlaceholderText": [Function],
  "findByRole": [Function],
  "findByTestId": [Function],
  "findByText": [Function],
  "findByTitle": [Function],
  "getAllByAltText": [Function],
  "getAllByDisplayValue": [Function],
  "getAllByLabelText": [Function],
  "getAllByPlaceholderText": [Function],
  "getAllByRole": [Function],
  "getAllBySelectText": [Function],
  "getAllByTestId": [Function],
  "getAllByText": [Function],
  "getAllByTitle": [Function],
  "getAllByValue": [Function],
  "getByAltText": [Function],
  "getByDisplayValue": [Function],
  "getByLabelText": [Function],
  "getByPlaceholderText": [Function],
  "getByRole": [Function],
  "getBySelectText": [Function],
  "getByTestId": [Function],
  "getByText": [Function],
  "getByTitle": [Function],
  "getByValue": [Function],
  "queryAllByAltText": [Function],
  "queryAllByDisplayValue": [Function],
  "queryAllByLabelText": [Function],
  "queryAllByPlaceholderText": [Function],
  "queryAllByRole": [Function],
  "queryAllBySelectText": [Function],
  "queryAllByTestId": [Function],
  "queryAllByText": [Function],
  "queryAllByTitle": [Function],
  "queryAllByValue": [Function],
  "queryByAltText": [Function],
  "queryByDisplayValue": [Function],
  "queryByLabelText": [Function],
  "queryByPlaceholderText": [Function],
  "queryByRole": [Function],
  "queryBySelectText": [Function],
  "queryByTestId": [Function],
  "queryByText": [Function],
  "queryByTitle": [Function],
  "queryByValue": [Function],
  "rerender": [Function],
  "unmount": [Function],
}
`;
